// Jest Snapshot v1, https://goo.gl/fbAQLP

exports[`should take a snapshot 1`] = `
<div>
  <div>
    <h1>
      You do not have permission to view this page
    </h1>
    <p>
      Return to public pages:
    </p>
    <a
      href="/"
    >
      Home
    </a>
  </div>
</div>
`;
