// Jest Snapshot v1, https://goo.gl/fbAQLP

exports[`should take a snapshot 1`] = `
<DocumentFragment>
  <div
    class="container"
  >
    <div
      class="MuiGrid-root MuiGrid-container MuiGrid-align-items-xs-center"
      style="position: absolute;"
    >
      <button
        style="height: 35px; padding: 1px 12px; margin: 10px 10px; text-align: center; text-decoration: none; font-size: 18px; background: rgb(209, 109, 21); border-radius: 30px; cursor: pointer; color: white; z-index: 90;"
      >
        SCMS Status
      </button>
    </div>
    <div
      style="position: relative; width: 100%; height: calc(100vh - 100px); cursor: grab; outline: none;"
      tabindex="0"
    >
      <div
        style="position: relative; width: 100%; height: 100%;"
      >
        <div
          class=""
          style="position: absolute; width: 100%; height: 100%; overflow: hidden; visibility: inherit;"
        />
      </div>
    </div>
  </div>
</DocumentFragment>
`;
