// Jest Snapshot v1, https://goo.gl/fbAQLP

exports[`should take a snapshot 1`] = `
<div>
  <div
    id="selectedconfigitemdiv"
  >
    <p
      id="configitemtext"
    >
      <strong />
    </p>
  </div>
</div>
`;
