// Jest Snapshot v1, https://goo.gl/fbAQLP

exports[`should take a snapshot 1`] = `
<DocumentFragment>
  <div
    id="ssmitemdiv"
  >
    <p
      class="ssmsrmitemtext"
    />
    <p
      class="ssmsrmitemtext"
    />
    <p
      class="ssmsrmitemtext"
    />
    <p
      class="ssmsrmitemtext"
    />
    <button
      class="btnDisabled"
      disabled=""
    >
      View
    </button>
  </div>
</DocumentFragment>
`;
