// Jest Snapshot v1, https://goo.gl/fbAQLP

exports[`should take a snapshot 1`] = `
<DocumentFragment>
  <div
    class="tabs"
  >
    <ol
      class="tab-list"
    />
    <div
      class="tab-content"
    />
  </div>
</DocumentFragment>
`;
